Pawel@dellprecision MINGW64 /c/ujo/workspace/gr20jdbc
$ git init
Initialized empty Git repository in C:/ujo/workspace/gr20jdbc/.git/

Pawel@dellprecision MINGW64 /c/ujo/workspace/gr20jdbc (master)
$ git status
On branch master

No commits yet

Untracked files:
  (use "git add <file>..." to include in what will be committed)

        .gitignore
        .idea/
        pom.xml
        src/

nothing added to commit but untracked files present (use "git add" to track)

Pawel@dellprecision MINGW64 /c/ujo/workspace/gr20jdbc (master)
$ git status
On branch master

No commits yet

Untracked files:
  (use "git add <file>..." to include in what will be committed)

        .gitignore
        pom.xml
        src/

nothing added to commit but untracked files present (use "git add" to track)

Pawel@dellprecision MINGW64 /c/ujo/workspace/gr20jdbc (master)
$ git remote add origin git@github.com:ujko/gr20JDBC.git

Pawel@dellprecision MINGW64 /c/ujo/workspace/gr20jdbc (master)
$ git add .
warning: LF will be replaced by CRLF in pom.xml.
The file will have its original line endings in your working directory

Pawel@dellprecision MINGW64 /c/ujo/workspace/gr20jdbc (master)
$ git commit -m "Initial commit"
[master (root-commit) 0913278] Initial commit
 4 files changed, 76 insertions(+)
 create mode 100644 .gitignore
 create mode 100644 pom.xml
 create mode 100644 src/main/java/jdbc.arrays.MainTest.java
 create mode 100644 src/main/java/jdbc.dao/PersonDao.java

Pawel@dellprecision MINGW64 /c/ujo/workspace/gr20jdbc (master)
$ git push origin master
Enumerating objects: 10, done.
Counting objects: 100% (10/10), done.
Delta compression using up to 8 threads
Compressing objects: 100% (5/5), done.
Writing objects: 100% (10/10), 1.51 KiB | 514.00 KiB/s, done.
Total 10 (delta 0), reused 0 (delta 0)
To github.com:ujko/gr20JDBC.git
 * [new branch]      master -> master
